[{"stream_name":"stderr","time":7.072035606,"data":"0.00s - Debugger warning: It seems that frozen modules are being used, which may\n"}
,{"stream_name":"stderr","time":7.072098555,"data":"0.00s - make the debugger miss breakpoints. Please pass -Xfrozen_modules=off\n"}
,{"stream_name":"stderr","time":7.072105558,"data":"0.00s - to python to disable frozen modules.\n"}
,{"stream_name":"stderr","time":7.072109602,"data":"0.00s - Note: Debugging will proceed. Set PYDEVD_DISABLE_FILE_VALIDATION=1 to disable this validation.\n"}
,{"stream_name":"stderr","time":7.670665188,"data":"0.00s - Debugger warning: It seems that frozen modules are being used, which may\n"}
,{"stream_name":"stderr","time":7.670710925,"data":"0.00s - make the debugger miss breakpoints. Please pass -Xfrozen_modules=off\n"}
,{"stream_name":"stderr","time":7.670717761,"data":"0.00s - to python to disable frozen modules.\n"}
,{"stream_name":"stderr","time":7.67072237,"data":"0.00s - Note: Debugging will proceed. Set PYDEVD_DISABLE_FILE_VALIDATION=1 to disable this validation.\n"}
,{"stream_name":"stdout","time":11.055115474,"data":"     ━━━━━━━━━━━━━━━━━━━━━━━━━━━━━━━━━━━━━━━━ 64.4/64.4 kB 1.6 MB/s eta 0:00:00\n"}
,{"stream_name":"stdout","time":11.257700964,"data":"     ━━━━━━━━━━━━━━━━━━━━━━━━━━━━━━━━━━━━━━━━ 64.4/64.4 kB 1.6 MB/s eta 0:00:00\n"}
,{"stream_name":"stdout","time":11.599603748,"data":"   ━━━━━━━━━━━━━━━━━━━━━━━━━━━━━━━━━━━━━━━━ 1.3/1.3 MB 17.1 MB/s eta 0:00:00\n"}
,{"stream_name":"stdout","time":11.699047453,"data":"   ━━━━━━━━━━━━━━━━━━━━━━━━━━━━━━━━━━━━━━━━ 3.2/3.2 MB 42.2 MB/s eta 0:00:00\n"}
,{"stream_name":"stdout","time":11.801749147,"data":"   ━━━━━━━━━━━━━━━━━━━━━━━━━━━━━━━━━━━━━━━━ 1.3/1.3 MB 17.1 MB/s eta 0:00:00\n"}
,{"stream_name":"stdout","time":11.801771903,"data":"   ━━━━━━━━━━━━━━━━━━━━━━━━━━━━━━━━━━━━━━━━ 3.2/3.2 MB 42.2 MB/s eta 0:00:00\n"}
,{"stream_name":"stdout","time":22.486087455,"data":"     ━━━━━━━━━━━━━━━━━━━━━━━━━━━━━━━━━━━━━━━━ 5.4/5.4 MB 45.6 MB/s eta 0:00:00\n"}
,{"stream_name":"stdout","time":22.688136126,"data":"     ━━━━━━━━━━━━━━━━━━━━━━━━━━━━━━━━━━━━━━━━ 5.4/5.4 MB 45.6 MB/s eta 0:00:00\n"}
,{"stream_name":"stdout","time":22.920873415,"data":"     ━━━━━━━━━━━━━━━━━━━━━━━━━━━━━━━━━━━━━━━━ 10.9/10.9 MB 72.0 MB/s eta 0:00:00\n"}
,{"stream_name":"stdout","time":23.122932744,"data":"     ━━━━━━━━━━━━━━━━━━━━━━━━━━━━━━━━━━━━━━━━ 10.9/10.9 MB 72.0 MB/s eta 0:00:00\n"}
,{"stream_name":"stdout","time":23.257163689,"data":"     ━━━━━━━━━━━━━━━━━━━━━━━━━━━━━━━━━━━━━━━━ 5.4/5.4 MB 44.4 MB/s eta 0:00:00\n"}
,{"stream_name":"stdout","time":23.459252822,"data":"     ━━━━━━━━━━━━━━━━━━━━━━━━━━━━━━━━━━━━━━━━ 5.4/5.4 MB 44.4 MB/s eta 0:00:00\n"}
,{"stream_name":"stdout","time":23.49026087,"data":"     ━━━━━━━━━━━━━━━━━━━━━━━━━━━━━━━━━━━━━━━━ 3.5/3.5 MB 67.2 MB/s eta 0:00:00\n"}
,{"stream_name":"stdout","time":23.693158315,"data":"     ━━━━━━━━━━━━━━━━━━━━━━━━━━━━━━━━━━━━━━━━ 3.5/3.5 MB 67.2 MB/s eta 0:00:00\n"}
,{"stream_name":"stdout","time":23.710369557,"data":"     ━━━━━━━━━━━━━━━━━━━━━━━━━━━━━━━━━━━━━━━━ 1.1/1.1 MB 51.1 MB/s eta 0:00:00\n"}
,{"stream_name":"stdout","time":23.912538169,"data":"     ━━━━━━━━━━━━━━━━━━━━━━━━━━━━━━━━━━━━━━━━ 1.1/1.1 MB 51.1 MB/s eta 0:00:00\n"}
,{"stream_name":"stdout","time":26.600563793,"data":"{'torch': '2.10.0+cu128', 'cuda': '12.8', 'gpu': 'Tesla T4'}\n"}
,{"stream_name":"stdout","time":26.629888131,"data":"{'source_bundle_sha256': '4fc3f6d712557822efc0d5d71aaa616b0fe30f578631726ef60d6a0fe73b32c0', 'base_git_commit': '16fdbb26b00f9721ce4034335ce0ee12bda77720', 'embedded_files': 5}\n"}
,{"stream_name":"stdout","time":49.743752921,"data":"\n"}
,{"stream_name":"stdout","time":49.743791871,"data":"=========================================\n"}
,{"stream_name":"stdout","time":49.743803191,"data":"REAL SCHNET ON MD17: 20 PAIRED, ORDER-BALANCED RUNS\n"}
,{"stream_name":"stdout","time":49.74380672,"data":"SHARDS PER PASS: 5\n"}
,{"stream_name":"stdout","time":49.74381001,"data":"=========================================\n"}
,{"stream_name":"stdout","time":49.946146217,"data":"\n"}
,{"stream_name":"stdout","time":49.946226627,"data":"=========================================\n"}
,{"stream_name":"stdout","time":49.946236709,"data":"REAL SCHNET ON MD17: 20 PAIRED, ORDER-BALANCED RUNS\n"}
,{"stream_name":"stdout","time":49.946241936,"data":"SHARDS PER PASS: 5\n"}
,{"stream_name":"stdout","time":49.946247063,"data":"=========================================\n"}
,{"stream_name":"stdout","time":76.270161893,"data":"Running one untimed SchNet warm-up batch...\n"}
,{"stream_name":"stdout","time":76.47774648,"data":"Running one untimed SchNet warm-up batch...\n"}
,{"stream_name":"stdout","time":77.56755228,"data":"  --- PAIRED RUN 1/20: sequential -\u003e foldpipe ---\n"}
,{"stream_name":"stdout","time":77.5675887,"data":"      --- BASELINE: Sequential Bounded Streaming ---\n"}
,{"stream_name":"stdout","time":77.769693374,"data":"  --- PAIRED RUN 1/20: sequential -\u003e foldpipe ---\n"}
,{"stream_name":"stdout","time":77.769752714,"data":"      --- BASELINE: Sequential Bounded Streaming ---\n"}
,{"stream_name":"stdout","time":235.959628898,"data":"      --- FOLDPIPE ASYNC STREAM ---\n"}
,{"stream_name":"stdout","time":236.164399424,"data":"      --- FOLDPIPE ASYNC STREAM ---\n"}
,{"stream_name":"stdout","time":328.670429742,"data":"  --- PAIRED RUN 2/20: foldpipe -\u003e sequential ---\n"}
,{"stream_name":"stdout","time":328.670477487,"data":"      --- FOLDPIPE ASYNC STREAM ---\n"}
,{"stream_name":"stdout","time":328.874795471,"data":"  --- PAIRED RUN 2/20: foldpipe -\u003e sequential ---\n"}
,{"stream_name":"stdout","time":328.874823084,"data":"      --- FOLDPIPE ASYNC STREAM ---\n"}
,{"stream_name":"stdout","time":467.756422566,"data":"      --- BASELINE: Sequential Bounded Streaming ---\n"}
,{"stream_name":"stdout","time":467.961461045,"data":"      --- BASELINE: Sequential Bounded Streaming ---\n"}
,{"stream_name":"stdout","time":666.601382495,"data":"  --- PAIRED RUN 3/20: sequential -\u003e foldpipe ---\n"}
,{"stream_name":"stdout","time":666.601444466,"data":"      --- BASELINE: Sequential Bounded Streaming ---\n"}
,{"stream_name":"stdout","time":666.806002432,"data":"  --- PAIRED RUN 3/20: sequential -\u003e foldpipe ---\n"}
,{"stream_name":"stdout","time":666.806042647,"data":"      --- BASELINE: Sequential Bounded Streaming ---\n"}
,{"stream_name":"stdout","time":784.872872409,"data":"      --- FOLDPIPE ASYNC STREAM ---\n"}
,{"stream_name":"stdout","time":785.0779279,"data":"      --- FOLDPIPE ASYNC STREAM ---\n"}
,{"stream_name":"stdout","time":898.905891972,"data":"  --- PAIRED RUN 4/20: foldpipe -\u003e sequential ---\n"}
,{"stream_name":"stdout","time":898.905945526,"data":"      --- FOLDPIPE ASYNC STREAM ---\n"}
,{"stream_name":"stdout","time":899.110832072,"data":"  --- PAIRED RUN 4/20: foldpipe -\u003e sequential ---\n"}
,{"stream_name":"stdout","time":899.110876961,"data":"      --- FOLDPIPE ASYNC STREAM ---\n"}
,{"stream_name":"stdout","time":1023.180307987,"data":"      --- BASELINE: Sequential Bounded Streaming ---\n"}
,{"stream_name":"stdout","time":1023.385235267,"data":"      --- BASELINE: Sequential Bounded Streaming ---\n"}
,{"stream_name":"stdout","time":1128.93306516,"data":"  --- PAIRED RUN 5/20: sequential -\u003e foldpipe ---\n"}
,{"stream_name":"stdout","time":1128.933129385,"data":"      --- BASELINE: Sequential Bounded Streaming ---\n"}
,{"stream_name":"stdout","time":1129.137743723,"data":"  --- PAIRED RUN 5/20: sequential -\u003e foldpipe ---\n"}
,{"stream_name":"stdout","time":1129.137779828,"data":"      --- BASELINE: Sequential Bounded Streaming ---\n"}
,{"stream_name":"stdout","time":1215.970155215,"data":"      --- FOLDPIPE ASYNC STREAM ---\n"}
,{"stream_name":"stdout","time":1216.174756546,"data":"      --- FOLDPIPE ASYNC STREAM ---\n"}
,{"stream_name":"stdout","time":1262.025909114,"data":"  --- PAIRED RUN 6/20: foldpipe -\u003e sequential ---\n"}
,{"stream_name":"stdout","time":1262.025963131,"data":"      --- FOLDPIPE ASYNC STREAM ---\n"}
,{"stream_name":"stdout","time":1262.230394884,"data":"  --- PAIRED RUN 6/20: foldpipe -\u003e sequential ---\n"}
,{"stream_name":"stdout","time":1262.230448893,"data":"      --- FOLDPIPE ASYNC STREAM ---\n"}
,{"stream_name":"stdout","time":1342.893620275,"data":"      --- BASELINE: Sequential Bounded Streaming ---\n"}
,{"stream_name":"stdout","time":1343.098732104,"data":"      --- BASELINE: Sequential Bounded Streaming ---\n"}
,{"stream_name":"stdout","time":1443.954021497,"data":"  --- PAIRED RUN 7/20: sequential -\u003e foldpipe ---\n"}
,{"stream_name":"stdout","time":1443.954394638,"data":"      --- BASELINE: Sequential Bounded Streaming ---\n"}
,{"stream_name":"stdout","time":1444.158970484,"data":"  --- PAIRED RUN 7/20: sequential -\u003e foldpipe ---\n"}
,{"stream_name":"stdout","time":1444.159000963,"data":"      --- BASELINE: Sequential Bounded Streaming ---\n"}
,{"stream_name":"stdout","time":1496.917344585,"data":"      --- FOLDPIPE ASYNC STREAM ---\n"}
,{"stream_name":"stdout","time":1497.122462941,"data":"      --- FOLDPIPE ASYNC STREAM ---\n"}
,{"stream_name":"stdout","time":1599.341154247,"data":"  --- PAIRED RUN 8/20: foldpipe -\u003e sequential ---\n"}
,{"stream_name":"stdout","time":1599.341204376,"data":"      --- FOLDPIPE ASYNC STREAM ---\n"}
,{"stream_name":"stdout","time":1599.546257098,"data":"  --- PAIRED RUN 8/20: foldpipe -\u003e sequential ---\n"}
,{"stream_name":"stdout","time":1599.54629124,"data":"      --- FOLDPIPE ASYNC STREAM ---\n"}
,{"stream_name":"stdout","time":1657.115905145,"data":"      --- BASELINE: Sequential Bounded Streaming ---\n"}
,{"stream_name":"stdout","time":1657.320836901,"data":"      --- BASELINE: Sequential Bounded Streaming ---\n"}
,{"stream_name":"stdout","time":1726.857635202,"data":"  --- PAIRED RUN 9/20: sequential -\u003e foldpipe ---\n"}
,{"stream_name":"stdout","time":1726.857967359,"data":"      --- BASELINE: Sequential Bounded Streaming ---\n"}
,{"stream_name":"stdout","time":1727.062656376,"data":"  --- PAIRED RUN 9/20: sequential -\u003e foldpipe ---\n"}
,{"stream_name":"stdout","time":1727.062705193,"data":"      --- BASELINE: Sequential Bounded Streaming ---\n"}
,{"stream_name":"stdout","time":1786.058078061,"data":"      --- FOLDPIPE ASYNC STREAM ---\n"}
,{"stream_name":"stdout","time":1786.263253838,"data":"      --- FOLDPIPE ASYNC STREAM ---\n"}
,{"stream_name":"stdout","time":1842.492260574,"data":"  --- PAIRED RUN 10/20: foldpipe -\u003e sequential ---\n"}
,{"stream_name":"stdout","time":1842.492312685,"data":"      --- FOLDPIPE ASYNC STREAM ---\n"}
,{"stream_name":"stdout","time":1842.697552665,"data":"  --- PAIRED RUN 10/20: foldpipe -\u003e sequential ---\n"}
,{"stream_name":"stdout","time":1842.697590255,"data":"      --- FOLDPIPE ASYNC STREAM ---\n"}
,{"stream_name":"stdout","time":1916.587127551,"data":"      --- BASELINE: Sequential Bounded Streaming ---\n"}
,{"stream_name":"stdout","time":1916.792537052,"data":"      --- BASELINE: Sequential Bounded Streaming ---\n"}
,{"stream_name":"stdout","time":1965.59249877,"data":"  --- PAIRED RUN 11/20: sequential -\u003e foldpipe ---\n"}
,{"stream_name":"stdout","time":1965.592538606,"data":"      --- BASELINE: Sequential Bounded Streaming ---\n"}
,{"stream_name":"stdout","time":1965.797420837,"data":"  --- PAIRED RUN 11/20: sequential -\u003e foldpipe ---\n"}
,{"stream_name":"stdout","time":1965.797471077,"data":"      --- BASELINE: Sequential Bounded Streaming ---\n"}
,{"stream_name":"stdout","time":2008.695753184,"data":"      --- FOLDPIPE ASYNC STREAM ---\n"}
,{"stream_name":"stdout","time":2008.901410071,"data":"      --- FOLDPIPE ASYNC STREAM ---\n"}
,{"stream_name":"stdout","time":2088.725505518,"data":"  --- PAIRED RUN 12/20: foldpipe -\u003e sequential ---\n"}
,{"stream_name":"stdout","time":2088.725582627,"data":"      --- FOLDPIPE ASYNC STREAM ---\n"}
,{"stream_name":"stdout","time":2088.931260964,"data":"  --- PAIRED RUN 12/20: foldpipe -\u003e sequential ---\n"}
,{"stream_name":"stdout","time":2088.931316152,"data":"      --- FOLDPIPE ASYNC STREAM ---\n"}
,{"stream_name":"stdout","time":2148.128231066,"data":"      --- BASELINE: Sequential Bounded Streaming ---\n"}
,{"stream_name":"stdout","time":2148.333487401,"data":"      --- BASELINE: Sequential Bounded Streaming ---\n"}
,{"stream_name":"stdout","time":2188.648978636,"data":"  --- PAIRED RUN 13/20: sequential -\u003e foldpipe ---\n"}
,{"stream_name":"stdout","time":2188.649034883,"data":"      --- BASELINE: Sequential Bounded Streaming ---\n"}
,{"stream_name":"stdout","time":2188.854202811,"data":"  --- PAIRED RUN 13/20: sequential -\u003e foldpipe ---\n"}
,{"stream_name":"stdout","time":2188.854266025,"data":"      --- BASELINE: Sequential Bounded Streaming ---\n"}
,{"stream_name":"stdout","time":2283.729241671,"data":"      --- FOLDPIPE ASYNC STREAM ---\n"}
,{"stream_name":"stdout","time":2283.934589453,"data":"      --- FOLDPIPE ASYNC STREAM ---\n"}
,{"stream_name":"stdout","time":2316.25577391,"data":"  --- PAIRED RUN 14/20: foldpipe -\u003e sequential ---\n"}
,{"stream_name":"stdout","time":2316.255823103,"data":"      --- FOLDPIPE ASYNC STREAM ---\n"}
,{"stream_name":"stdout","time":2316.46254538,"data":"  --- PAIRED RUN 14/20: foldpipe -\u003e sequential ---\n"}
,{"stream_name":"stdout","time":2316.462579268,"data":"      --- FOLDPIPE ASYNC STREAM ---\n"}
,{"stream_name":"stdout","time":2395.064267913,"data":"      --- BASELINE: Sequential Bounded Streaming ---\n"}
,{"stream_name":"stdout","time":2395.270139104,"data":"      --- BASELINE: Sequential Bounded Streaming ---\n"}
,{"stream_name":"stdout","time":2470.030779965,"data":"  --- PAIRED RUN 15/20: sequential -\u003e foldpipe ---\n"}
,{"stream_name":"stdout","time":2470.030883024,"data":"      --- BASELINE: Sequential Bounded Streaming ---\n"}
,{"stream_name":"stdout","time":2470.236361914,"data":"  --- PAIRED RUN 15/20: sequential -\u003e foldpipe ---\n"}
,{"stream_name":"stdout","time":2470.23639968,"data":"      --- BASELINE: Sequential Bounded Streaming ---\n"}
,{"stream_name":"stdout","time":2513.332191806,"data":"      --- FOLDPIPE ASYNC STREAM ---\n"}
,{"stream_name":"stdout","time":2513.537780942,"data":"      --- FOLDPIPE ASYNC STREAM ---\n"}
,{"stream_name":"stdout","time":2559.502319169,"data":"  --- PAIRED RUN 16/20: foldpipe -\u003e sequential ---\n"}
,{"stream_name":"stdout","time":2559.502366252,"data":"      --- FOLDPIPE ASYNC STREAM ---\n"}
,{"stream_name":"stdout","time":2559.70783563,"data":"  --- PAIRED RUN 16/20: foldpipe -\u003e sequential ---\n"}
,{"stream_name":"stdout","time":2559.7078626,"data":"      --- FOLDPIPE ASYNC STREAM ---\n"}
,{"stream_name":"stdout","time":2644.38684117,"data":"      --- BASELINE: Sequential Bounded Streaming ---\n"}
,{"stream_name":"stdout","time":2644.592095606,"data":"      --- BASELINE: Sequential Bounded Streaming ---\n"}
,{"stream_name":"stdout","time":2720.890229653,"data":"  --- PAIRED RUN 17/20: sequential -\u003e foldpipe ---\n"}
,{"stream_name":"stdout","time":2720.890283313,"data":"      --- BASELINE: Sequential Bounded Streaming ---\n"}
,{"stream_name":"stdout","time":2721.095816825,"data":"  --- PAIRED RUN 17/20: sequential -\u003e foldpipe ---\n"}
,{"stream_name":"stdout","time":2721.09587095,"data":"      --- BASELINE: Sequential Bounded Streaming ---\n"}
,{"stream_name":"stdout","time":2777.967142647,"data":"      --- FOLDPIPE ASYNC STREAM ---\n"}
,{"stream_name":"stdout","time":2778.172491419,"data":"      --- FOLDPIPE ASYNC STREAM ---\n"}
,{"stream_name":"stdout","time":2877.493203611,"data":"  --- PAIRED RUN 18/20: foldpipe -\u003e sequential ---\n"}
,{"stream_name":"stdout","time":2877.493275627,"data":"      --- FOLDPIPE ASYNC STREAM ---\n"}
,{"stream_name":"stdout","time":2877.699084982,"data":"  --- PAIRED RUN 18/20: foldpipe -\u003e sequential ---\n"}
,{"stream_name":"stdout","time":2877.699125998,"data":"      --- FOLDPIPE ASYNC STREAM ---\n"}
,{"stream_name":"stdout","time":2945.887378747,"data":"      --- BASELINE: Sequential Bounded Streaming ---\n"}
,{"stream_name":"stdout","time":2946.093117219,"data":"      --- BASELINE: Sequential Bounded Streaming ---\n"}
,{"stream_name":"stdout","time":3039.695347373,"data":"  --- PAIRED RUN 19/20: sequential -\u003e foldpipe ---\n"}
,{"stream_name":"stdout","time":3039.695429064,"data":"      --- BASELINE: Sequential Bounded Streaming ---\n"}
,{"stream_name":"stdout","time":3039.901258954,"data":"  --- PAIRED RUN 19/20: sequential -\u003e foldpipe ---\n"}
,{"stream_name":"stdout","time":3039.90128959,"data":"      --- BASELINE: Sequential Bounded Streaming ---\n"}
,{"stream_name":"stdout","time":3117.962824386,"data":"      --- FOLDPIPE ASYNC STREAM ---\n"}
,{"stream_name":"stdout","time":3118.168509157,"data":"      --- FOLDPIPE ASYNC STREAM ---\n"}
,{"stream_name":"stdout","time":3178.082398551,"data":"  --- PAIRED RUN 20/20: foldpipe -\u003e sequential ---\n"}
,{"stream_name":"stdout","time":3178.082440019,"data":"      --- FOLDPIPE ASYNC STREAM ---\n"}
,{"stream_name":"stdout","time":3178.288400903,"data":"  --- PAIRED RUN 20/20: foldpipe -\u003e sequential ---\n"}
,{"stream_name":"stdout","time":3178.28844852,"data":"      --- FOLDPIPE ASYNC STREAM ---\n"}
,{"stream_name":"stdout","time":3222.498005353,"data":"      --- BASELINE: Sequential Bounded Streaming ---\n"}
,{"stream_name":"stdout","time":3222.703999528,"data":"      --- BASELINE: Sequential Bounded Streaming ---\n"}
,{"stream_name":"stdout","time":3294.161799278,"data":"Saved results/benchmark_comparison_md17.png\n"}
,{"stream_name":"stdout","time":3294.371783177,"data":"Saved results/benchmark_comparison_md17.png\n"}
,{"stream_name":"stdout","time":3296.948737174,"data":"# FoldPipe MD17 + SchNet benchmark\n"}
,{"stream_name":"stdout","time":3296.948795526,"data":"\n"}
,{"stream_name":"stdout","time":3296.948801686,"data":"- Generated: 2026-08-17T04:59:36.371481+00:00\n"}
,{"stream_name":"stdout","time":3296.948806286,"data":"- Hardware: Tesla T4\n"}
,{"stream_name":"stdout","time":3296.948810733,"data":"- Dataset: `aviatorlf/md17-shards@f779686deb9217877dd7ddde99b2522bd441492a`\n"}
,{"stream_name":"stdout","time":3296.948815328,"data":"- Git commit: `16fdbb26b00f9721ce4034335ce0ee12bda77720`\n"}
,{"stream_name":"stdout","time":3296.948819652,"data":"- Source checkout dirty: `False`\n"}
,{"stream_name":"stdout","time":3296.94882452,"data":"- Source bundle: `4fc3f6d712557822efc0d5d71aaa616b0fe30f578631726ef60d6a0fe73b32c0`\n"}
,{"stream_name":"stdout","time":3296.948830176,"data":"- Base Git commit: `16fdbb26b00f9721ce4034335ce0ee12bda77720`\n"}
,{"stream_name":"stdout","time":3296.948835503,"data":"- Protocol: 20 paired, order-alternating passes; 5 pinned shards per pass; batch size 32\n"}
,{"stream_name":"stdout","time":3296.948839906,"data":"- Warm-up: one untimed training batch from the first pinned shard\n"}
,{"stream_name":"stdout","time":3296.94884466,"data":"\n"}
,{"stream_name":"stdout","time":3296.948848747,"data":"| Metric | Sequential | FoldPipe |\n"}
,{"stream_name":"stdout","time":3296.948853256,"data":"| --- | ---: | ---: |\n"}
,{"stream_name":"stdout","time":3296.948857858,"data":"| Mean time (s) | 83.372 | 76.780 |\n"}
,{"stream_name":"stdout","time":3296.948862754,"data":"| 95% bootstrap CI, mean time (s) | [67.868, 101.057] | [64.859, 89.440] |\n"}
,{"stream_name":"stdout","time":3296.94886729,"data":"| Mean peak RSS (GiB) | 1.935 | 2.064 |\n"}
,{"stream_name":"stdout","time":3296.948871567,"data":"| Mean sampled GPU utilization (%) | 36.172 | 37.703 |\n"}
,{"stream_name":"stdout","time":3296.948875975,"data":"| Mean I/O/compute overlap (s) | 0.000 | 16.333 |\n"}
,{"stream_name":"stdout","time":3296.948880764,"data":"| Mean GPU wait time (s) | 56.503 | 48.652 |\n"}
,{"stream_name":"stdout","time":3296.948885562,"data":"\n"}
,{"stream_name":"stdout","time":3296.948889815,"data":"Geometric mean paired speedup: **1.0587x** (95% paired bootstrap CI in log-ratio space [0.8776, 1.2880]).\n"}
,{"stream_name":"stdout","time":3296.948894291,"data":"\n"}
,{"stream_name":"stdout","time":3296.948898726,"data":"Mean paired time saved: **6.591 s** (95% paired bootstrap CI [-7.692, 21.108]).\n"}
,{"stream_name":"stdout","time":3296.948903554,"data":"\n"}
,{"stream_name":"stdout","time":3296.948907891,"data":"Median paired time saved: **3.453 s** (95% paired bootstrap CI [-13.477, 22.888]). FoldPipe was faster in 55% of pairs.\n"}
,{"stream_name":"stdout","time":3296.948912873,"data":"\n"}
,{"stream_name":"stdout","time":3296.948917866,"data":"For continuity with the earlier artifact, the arithmetic mean of paired speedup ratios was **1.1705x**; it is retained as a supplementary, skew-sensitive summary rather than the headline ratio.\n"}
,{"stream_name":"stdout","time":3296.948927255,"data":"\n"}
,{"stream_name":"stdout","time":3296.948931521,"data":"All three paired intervals include their no-effect values; this run is inconclusive about a speed advantage.\n"}
,{"stream_name":"stdout","time":3296.94893629,"data":"\n"}
,{"stream_name":"stdout","time":3296.948941043,"data":"The JSON artifact contains every raw paired duration and per-shard download, deserialization, training, payload-byte, overlap, and wait-time trace.\n"}
,{"stream_name":"stdout","time":3296.94895911,"data":"\n"}
,{"stream_name":"stderr","time":3299.7834115,"data":"/usr/local/lib/python3.12/dist-packages/mistune.py:435: SyntaxWarning: invalid escape sequence '\\|'\n"}
,{"stream_name":"stderr","time":3299.783478484,"data":"  cells[i][c] = re.sub('\\\\\\\\\\|', '|', cell)\n"}
,{"stream_name":"stderr","time":3299.955005585,"data":"/usr/local/lib/python3.12/dist-packages/nbconvert/filters/filter_links.py:36: SyntaxWarning: invalid escape sequence '\\_'\n"}
,{"stream_name":"stderr","time":3299.955062411,"data":"  text = re.sub(r'_', '\\_', text) # Escape underscores in display text\n"}
,{"stream_name":"stderr","time":3300.574275726,"data":"[NbConvertApp] Converting notebook __notebook__.ipynb to notebook\n"}
,{"stream_name":"stderr","time":3300.903382224,"data":"[NbConvertApp] Writing 65619 bytes to __notebook__.ipynb\n"}
,{"stream_name":"stderr","time":3303.267971592,"data":"[NbConvertApp] Converting notebook __notebook__.ipynb to html\n"}
,{"stream_name":"stderr","time":3304.067185367,"data":"[NbConvertApp] Writing 363768 bytes to __results__.html\n"}
]