[{"stream_name":"stderr","time":6.036442838,"data":"0.00s - Debugger warning: It seems that frozen modules are being used, which may\n"}
,{"stream_name":"stderr","time":6.036528305,"data":"0.00s - make the debugger miss breakpoints. Please pass -Xfrozen_modules=off\n"}
,{"stream_name":"stderr","time":6.036535336,"data":"0.00s - to python to disable frozen modules.\n"}
,{"stream_name":"stderr","time":6.036539675,"data":"0.00s - Note: Debugging will proceed. Set PYDEVD_DISABLE_FILE_VALIDATION=1 to disable this validation.\n"}
,{"stream_name":"stderr","time":6.580545783,"data":"0.00s - Debugger warning: It seems that frozen modules are being used, which may\n"}
,{"stream_name":"stderr","time":6.5805986579999995,"data":"0.00s - make the debugger miss breakpoints. Please pass -Xfrozen_modules=off\n"}
,{"stream_name":"stderr","time":6.580604942,"data":"0.00s - to python to disable frozen modules.\n"}
,{"stream_name":"stderr","time":6.580608619,"data":"0.00s - Note: Debugging will proceed. Set PYDEVD_DISABLE_FILE_VALIDATION=1 to disable this validation.\n"}
,{"stream_name":"stdout","time":9.459065978,"data":"     ━━━━━━━━━━━━━━━━━━━━━━━━━━━━━━━━━━━━━━━━ 64.4/64.4 kB 5.3 MB/s eta 0:00:00\n"}
,{"stream_name":"stdout","time":9.661856871,"data":"     ━━━━━━━━━━━━━━━━━━━━━━━━━━━━━━━━━━━━━━━━ 64.4/64.4 kB 5.3 MB/s eta 0:00:00\n"}
,{"stream_name":"stdout","time":9.847860295,"data":"   ━━━━━━━━━━━━━━━━━━━━━━━━━━━━━━━━━━━━━━━━ 1.3/1.3 MB 61.4 MB/s eta 0:00:00\n"}
,{"stream_name":"stdout","time":9.892119546,"data":"   ━━━━━━━━━━━━━━━━━━━━━━━━━━━━━━━━━━━━━━━━ 3.2/3.2 MB 92.0 MB/s eta 0:00:00\n"}
,{"stream_name":"stdout","time":10.049651583,"data":"   ━━━━━━━━━━━━━━━━━━━━━━━━━━━━━━━━━━━━━━━━ 1.3/1.3 MB 61.4 MB/s eta 0:00:00\n"}
,{"stream_name":"stdout","time":10.049679769,"data":"   ━━━━━━━━━━━━━━━━━━━━━━━━━━━━━━━━━━━━━━━━ 3.2/3.2 MB 92.0 MB/s eta 0:00:00\n"}
,{"stream_name":"stdout","time":19.519770361,"data":"     ━━━━━━━━━━━━━━━━━━━━━━━━━━━━━━━━━━━━━━━━ 5.4/5.4 MB 101.7 MB/s eta 0:00:00\n"}
,{"stream_name":"stdout","time":19.721573831,"data":"     ━━━━━━━━━━━━━━━━━━━━━━━━━━━━━━━━━━━━━━━━ 5.4/5.4 MB 101.7 MB/s eta 0:00:00\n"}
,{"stream_name":"stdout","time":19.790878286,"data":"     ━━━━━━━━━━━━━━━━━━━━━━━━━━━━━━━━━━━━━━━ 10.9/10.9 MB 109.5 MB/s eta 0:00:00\n"}
,{"stream_name":"stdout","time":19.993569562,"data":"     ━━━━━━━━━━━━━━━━━━━━━━━━━━━━━━━━━━━━━━━ 10.9/10.9 MB 109.5 MB/s eta 0:00:00\n"}
,{"stream_name":"stdout","time":20.013136632,"data":"     ━━━━━━━━━━━━━━━━━━━━━━━━━━━━━━━━━━━━━━━━ 5.4/5.4 MB 109.9 MB/s eta 0:00:00\n"}
,{"stream_name":"stdout","time":20.214793679,"data":"     ━━━━━━━━━━━━━━━━━━━━━━━━━━━━━━━━━━━━━━━━ 5.4/5.4 MB 109.9 MB/s eta 0:00:00\n"}
,{"stream_name":"stdout","time":20.267588209,"data":"     ━━━━━━━━━━━━━━━━━━━━━━━━━━━━━━━━━━━━━━━━ 3.5/3.5 MB 101.8 MB/s eta 0:00:00\n"}
,{"stream_name":"stdout","time":20.422240424,"data":"     ━━━━━━━━━━━━━━━━━━━━━━━━━━━━━━━━━━━━━━━━ 1.1/1.1 MB 59.5 MB/s eta 0:00:00\n"}
,{"stream_name":"stdout","time":20.469697656,"data":"     ━━━━━━━━━━━━━━━━━━━━━━━━━━━━━━━━━━━━━━━━ 3.5/3.5 MB 101.8 MB/s eta 0:00:00\n"}
,{"stream_name":"stdout","time":20.469726203,"data":"     ━━━━━━━━━━━━━━━━━━━━━━━━━━━━━━━━━━━━━━━━ 1.1/1.1 MB 59.5 MB/s eta 0:00:00\n"}
,{"stream_name":"stdout","time":23.189654694,"data":"{'torch': '2.10.0+cu128', 'cuda': '12.8', 'gpu': 'Tesla T4'}\n"}
,{"stream_name":"stdout","time":23.218095084,"data":"{'source_bundle_sha256': '0ed7e4c583621edc793234e51dafc3756221f7e2337e1d86708c1d5f25fcad39', 'base_git_commit': 'f19735f10935fd44a3fbf4bfee0660adf83a111b', 'embedded_files': 5}\n"}
,{"stream_name":"stdout","time":42.60348421,"data":"\n"}
,{"stream_name":"stdout","time":42.603532735,"data":"=========================================\n"}
,{"stream_name":"stdout","time":42.603552571,"data":"REAL SCHNET ON MD17: 10 PAIRED, ORDER-BALANCED RUNS\n"}
,{"stream_name":"stdout","time":42.603558513,"data":"SHARDS PER PASS: 5\n"}
,{"stream_name":"stdout","time":42.603563439,"data":"=========================================\n"}
,{"stream_name":"stdout","time":42.806287203,"data":"\n"}
,{"stream_name":"stdout","time":42.806322805,"data":"=========================================\n"}
,{"stream_name":"stdout","time":42.806329305,"data":"REAL SCHNET ON MD17: 10 PAIRED, ORDER-BALANCED RUNS\n"}
,{"stream_name":"stdout","time":42.806334861,"data":"SHARDS PER PASS: 5\n"}
,{"stream_name":"stdout","time":42.806340528,"data":"=========================================\n"}
,{"stream_name":"stdout","time":74.687076653,"data":"Running one untimed SchNet warm-up batch...\n"}
,{"stream_name":"stdout","time":74.891432217,"data":"Running one untimed SchNet warm-up batch...\n"}
,{"stream_name":"stdout","time":75.815965683,"data":"  --- PAIRED RUN 1/10: sequential -\u003e foldpipe ---\n"}
,{"stream_name":"stdout","time":75.81600843,"data":"      --- BASELINE: Sequential Bounded Streaming ---\n"}
,{"stream_name":"stdout","time":76.018038989,"data":"  --- PAIRED RUN 1/10: sequential -\u003e foldpipe ---\n"}
,{"stream_name":"stdout","time":76.018075485,"data":"      --- BASELINE: Sequential Bounded Streaming ---\n"}
,{"stream_name":"stdout","time":386.700011064,"data":"      --- FOLDPIPE ASYNC STREAM ---\n"}
,{"stream_name":"stdout","time":386.904309622,"data":"      --- FOLDPIPE ASYNC STREAM ---\n"}
,{"stream_name":"stdout","time":635.623694949,"data":"  --- PAIRED RUN 2/10: foldpipe -\u003e sequential ---\n"}
,{"stream_name":"stdout","time":635.623741709,"data":"      --- FOLDPIPE ASYNC STREAM ---\n"}
,{"stream_name":"stdout","time":635.828217336,"data":"  --- PAIRED RUN 2/10: foldpipe -\u003e sequential ---\n"}
,{"stream_name":"stdout","time":635.828262943,"data":"      --- FOLDPIPE ASYNC STREAM ---\n"}
,{"stream_name":"stdout","time":778.2367732,"data":"      --- BASELINE: Sequential Bounded Streaming ---\n"}
,{"stream_name":"stdout","time":778.441596838,"data":"      --- BASELINE: Sequential Bounded Streaming ---\n"}
,{"stream_name":"stdout","time":927.853545755,"data":"  --- PAIRED RUN 3/10: sequential -\u003e foldpipe ---\n"}
,{"stream_name":"stdout","time":927.85361673,"data":"      --- BASELINE: Sequential Bounded Streaming ---\n"}
,{"stream_name":"stdout","time":928.057991966,"data":"  --- PAIRED RUN 3/10: sequential -\u003e foldpipe ---\n"}
,{"stream_name":"stdout","time":928.058027173,"data":"      --- BASELINE: Sequential Bounded Streaming ---\n"}
,{"stream_name":"stdout","time":1042.603407964,"data":"      --- FOLDPIPE ASYNC STREAM ---\n"}
,{"stream_name":"stdout","time":1042.807870644,"data":"      --- FOLDPIPE ASYNC STREAM ---\n"}
,{"stream_name":"stdout","time":1158.435440679,"data":"  --- PAIRED RUN 4/10: foldpipe -\u003e sequential ---\n"}
,{"stream_name":"stdout","time":1158.435496993,"data":"      --- FOLDPIPE ASYNC STREAM ---\n"}
,{"stream_name":"stdout","time":1158.640128092,"data":"  --- PAIRED RUN 4/10: foldpipe -\u003e sequential ---\n"}
,{"stream_name":"stdout","time":1158.640164284,"data":"      --- FOLDPIPE ASYNC STREAM ---\n"}
,{"stream_name":"stdout","time":1384.803928332,"data":"      --- BASELINE: Sequential Bounded Streaming ---\n"}
,{"stream_name":"stdout","time":1385.008659712,"data":"      --- BASELINE: Sequential Bounded Streaming ---\n"}
,{"stream_name":"stdout","time":1455.455962132,"data":"  --- PAIRED RUN 5/10: sequential -\u003e foldpipe ---\n"}
,{"stream_name":"stdout","time":1455.45601317,"data":"      --- BASELINE: Sequential Bounded Streaming ---\n"}
,{"stream_name":"stdout","time":1455.660800633,"data":"  --- PAIRED RUN 5/10: sequential -\u003e foldpipe ---\n"}
,{"stream_name":"stdout","time":1455.660861958,"data":"      --- BASELINE: Sequential Bounded Streaming ---\n"}
,{"stream_name":"stdout","time":1678.588164404,"data":"      --- FOLDPIPE ASYNC STREAM ---\n"}
,{"stream_name":"stdout","time":1678.79287002,"data":"      --- FOLDPIPE ASYNC STREAM ---\n"}
,{"stream_name":"stdout","time":1716.071682801,"data":"  --- PAIRED RUN 6/10: foldpipe -\u003e sequential ---\n"}
,{"stream_name":"stdout","time":1716.071931785,"data":"      --- FOLDPIPE ASYNC STREAM ---\n"}
,{"stream_name":"stdout","time":1716.275892481,"data":"  --- PAIRED RUN 6/10: foldpipe -\u003e sequential ---\n"}
,{"stream_name":"stdout","time":1716.275924593,"data":"      --- FOLDPIPE ASYNC STREAM ---\n"}
,{"stream_name":"stdout","time":1810.197989811,"data":"      --- BASELINE: Sequential Bounded Streaming ---\n"}
,{"stream_name":"stdout","time":1810.40283255,"data":"      --- BASELINE: Sequential Bounded Streaming ---\n"}
,{"stream_name":"stdout","time":1883.444468691,"data":"  --- PAIRED RUN 7/10: sequential -\u003e foldpipe ---\n"}
,{"stream_name":"stdout","time":1883.444525348,"data":"      --- BASELINE: Sequential Bounded Streaming ---\n"}
,{"stream_name":"stdout","time":1883.649482854,"data":"  --- PAIRED RUN 7/10: sequential -\u003e foldpipe ---\n"}
,{"stream_name":"stdout","time":1883.649514824,"data":"      --- BASELINE: Sequential Bounded Streaming ---\n"}
,{"stream_name":"stdout","time":2116.475957468,"data":"      --- FOLDPIPE ASYNC STREAM ---\n"}
,{"stream_name":"stdout","time":2116.68322478,"data":"      --- FOLDPIPE ASYNC STREAM ---\n"}
,{"stream_name":"stdout","time":2177.286968415,"data":"  --- PAIRED RUN 8/10: foldpipe -\u003e sequential ---\n"}
,{"stream_name":"stdout","time":2177.287034862,"data":"      --- FOLDPIPE ASYNC STREAM ---\n"}
,{"stream_name":"stdout","time":2177.491850191,"data":"  --- PAIRED RUN 8/10: foldpipe -\u003e sequential ---\n"}
,{"stream_name":"stdout","time":2177.491889765,"data":"      --- FOLDPIPE ASYNC STREAM ---\n"}
,{"stream_name":"stdout","time":2212.34072643,"data":"      --- BASELINE: Sequential Bounded Streaming ---\n"}
,{"stream_name":"stdout","time":2212.545289611,"data":"      --- BASELINE: Sequential Bounded Streaming ---\n"}
,{"stream_name":"stdout","time":2349.757154464,"data":"  --- PAIRED RUN 9/10: sequential -\u003e foldpipe ---\n"}
,{"stream_name":"stdout","time":2349.757342836,"data":"      --- BASELINE: Sequential Bounded Streaming ---\n"}
,{"stream_name":"stdout","time":2349.962186197,"data":"  --- PAIRED RUN 9/10: sequential -\u003e foldpipe ---\n"}
,{"stream_name":"stdout","time":2349.96221752,"data":"      --- BASELINE: Sequential Bounded Streaming ---\n"}
,{"stream_name":"stdout","time":2455.441103677,"data":"      --- FOLDPIPE ASYNC STREAM ---\n"}
,{"stream_name":"stdout","time":2455.646152517,"data":"      --- FOLDPIPE ASYNC STREAM ---\n"}
,{"stream_name":"stdout","time":2487.355809149,"data":"  --- PAIRED RUN 10/10: foldpipe -\u003e sequential ---\n"}
,{"stream_name":"stdout","time":2487.355911675,"data":"      --- FOLDPIPE ASYNC STREAM ---\n"}
,{"stream_name":"stdout","time":2487.560410497,"data":"  --- PAIRED RUN 10/10: foldpipe -\u003e sequential ---\n"}
,{"stream_name":"stdout","time":2487.560445589,"data":"      --- FOLDPIPE ASYNC STREAM ---\n"}
,{"stream_name":"stdout","time":2572.641335484,"data":"      --- BASELINE: Sequential Bounded Streaming ---\n"}
,{"stream_name":"stdout","time":2572.846227501,"data":"      --- BASELINE: Sequential Bounded Streaming ---\n"}
,{"stream_name":"stdout","time":2714.629174888,"data":"Saved results/benchmark_comparison_md17.png\n"}
,{"stream_name":"stdout","time":2714.834266846,"data":"Saved results/benchmark_comparison_md17.png\n"}
,{"stream_name":"stdout","time":2716.983890893,"data":"# FoldPipe MD17 + SchNet benchmark\n"}
,{"stream_name":"stdout","time":2716.983923183,"data":"\n"}
,{"stream_name":"stdout","time":2716.983929982,"data":"- Generated: 2026-08-16T21:05:13.461132+00:00\n"}
,{"stream_name":"stdout","time":2716.983935163,"data":"- Hardware: Tesla T4\n"}
,{"stream_name":"stdout","time":2716.983940254,"data":"- Dataset: `aviatorlf/md17-shards@f779686deb9217877dd7ddde99b2522bd441492a`\n"}
,{"stream_name":"stdout","time":2716.983945311,"data":"- Source bundle: `0ed7e4c583621edc793234e51dafc3756221f7e2337e1d86708c1d5f25fcad39`\n"}
,{"stream_name":"stdout","time":2716.983949981,"data":"- Base Git commit: `f19735f10935fd44a3fbf4bfee0660adf83a111b`\n"}
,{"stream_name":"stdout","time":2716.983954642,"data":"- Protocol: 10 paired, order-alternating passes; 5 pinned shards per pass; batch size 32\n"}
,{"stream_name":"stdout","time":2716.983959363,"data":"- Warm-up: one untimed training batch from the first pinned shard\n"}
,{"stream_name":"stdout","time":2716.983964034,"data":"\n"}
,{"stream_name":"stdout","time":2716.983968702,"data":"| Metric | Sequential | FoldPipe |\n"}
,{"stream_name":"stdout","time":2716.983973712,"data":"| --- | ---: | ---: |\n"}
,{"stream_name":"stdout","time":2716.98397984,"data":"| Mean time (s) | 155.518 | 107.587 |\n"}
,{"stream_name":"stdout","time":2716.983984574,"data":"| 95% bootstrap CI, mean time (s) | [113.641, 203.158] | [65.444, 156.030] |\n"}
,{"stream_name":"stdout","time":2716.983989802,"data":"| Mean peak RSS (GiB) | 1.938 | 2.037 |\n"}
,{"stream_name":"stdout","time":2716.983994637,"data":"| Mean sampled GPU utilization (%) | 20.431 | 37.649 |\n"}
,{"stream_name":"stdout","time":2716.984000013,"data":"| Mean I/O/compute overlap (s) | 0.000 | 15.259 |\n"}
,{"stream_name":"stdout","time":2716.984004579,"data":"| Mean GPU wait time (s) | 128.606 | 79.596 |\n"}
,{"stream_name":"stdout","time":2716.984009233,"data":"\n"}
,{"stream_name":"stdout","time":2716.984014028,"data":"Paired mean speedup ratio: **2.3122x** (95% bootstrap CI [1.2835, 3.4650]).\n"}
,{"stream_name":"stdout","time":2716.98411322,"data":"\n"}
,{"stream_name":"stdout","time":2716.984263875,"data":"Paired mean time saved: **47.931 s** (95% bootstrap CI [-12.225, 103.440]). FoldPipe was faster in 70% of pairs.\n"}
,{"stream_name":"stdout","time":2716.984319052,"data":"\n"}
,{"stream_name":"stdout","time":2716.984375266,"data":"The paired bootstrap intervals include the no-effect value; this run does not establish a reliable speed advantage.\n"}
,{"stream_name":"stdout","time":2716.984408459,"data":"\n"}
,{"stream_name":"stdout","time":2716.984548819,"data":"The JSON artifact contains every raw paired duration and per-shard download, deserialization, training, payload-byte, overlap, and wait-time trace.\n"}
,{"stream_name":"stdout","time":2716.984613728,"data":"\n"}
,{"stream_name":"stderr","time":2719.706560736,"data":"/usr/local/lib/python3.12/dist-packages/mistune.py:435: SyntaxWarning: invalid escape sequence '\\|'\n"}
,{"stream_name":"stderr","time":2719.706606133,"data":"  cells[i][c] = re.sub('\\\\\\\\\\|', '|', cell)\n"}
,{"stream_name":"stderr","time":2719.850618746,"data":"/usr/local/lib/python3.12/dist-packages/nbconvert/filters/filter_links.py:36: SyntaxWarning: invalid escape sequence '\\_'\n"}
,{"stream_name":"stderr","time":2719.850671573,"data":"  text = re.sub(r'_', '\\_', text) # Escape underscores in display text\n"}
,{"stream_name":"stderr","time":2720.420441923,"data":"[NbConvertApp] Converting notebook __notebook__.ipynb to notebook\n"}
,{"stream_name":"stderr","time":2720.713317175,"data":"[NbConvertApp] Writing 58339 bytes to __notebook__.ipynb\n"}
,{"stream_name":"stderr","time":2722.997283909,"data":"[NbConvertApp] Converting notebook __notebook__.ipynb to html\n"}
,{"stream_name":"stderr","time":2723.762485713,"data":"[NbConvertApp] Writing 353520 bytes to __results__.html\n"}
]